********************************************************************************
   General Structure Analysis System-II Crystal Structure Refinement
              by Robert B. Von Dreele & Brian H. Toby
                Argonne National Laboratory(C), 2010
 This product includes software developed by the UChicago Argonne, LLC,
            as Operator of Argonne National Laboratory.
                          Please cite:
   B.H. Toby & R.B. Von Dreele, J. Appl. Cryst. 46, 544-549 (2013)
********************************************************************************
 Least squares controls:
 Refinement type: analytic Hessian
 Maximum number of cycles: 0
 Regularize hydrogens (if any): False
 Initial shift factor: 1.000

 Phases:

 Phase name: zno
=======================================================================================================================================

 X-ray scattering factors:
   Symbol     fa                                      fb                                      fc
---------------------------------------------------------------------------------------------------
 Zn        14.07430   7.03180   5.16520   2.41000   3.26550   0.23330  10.31630  58.70970   1.30410
 O          3.04850   2.28680   1.54630   0.86700  13.27710   5.70110   0.32390  32.90890   0.25080

 Electron scattering factors:
   Symbol     fa                                                fb
---------------------------------------------------------------------------------------------------
 Zn         0.17800   0.80960   1.67440   1.94990   1.44950   0.08760   0.86500   3.86120  18.87260  64.70160
 O          0.03650   0.17290   0.58050   0.88140   0.31210   0.06520   0.61840   2.94490   9.62980  28.21940

 Neutron scattering factors:
   Symbol   isotope       mass       b       resonant terms
---------------------------------------------------------------------------------------------------
 Zn      Nat. Abund.     65.380    0.568
 O       Nat. Abund.     15.999    0.581

 Space Group: P 63 m c
 The lattice is noncentrosymmetric primitive hexagonal
 The Laue symmetry is 6/mmm
 The lattice point group is 6mm
 Multiplicity of a general site is 12
 The location of the origin is arbitrary in z
 
 The equivalent positions are:

 ( 1)     X,     Y,     Z 
 ( 2)   X-Y,     X, 1/2+Z 
 ( 3)    -Y,   X-Y,     Z 
 ( 4)    -X,    -Y, 1/2+Z 
 ( 5)   Y-X,    -X,     Z 
 ( 6)     Y,   Y-X, 1/2+Z 
 ( 7)   Y-X,     Y,     Z 
 ( 8)    -X,   Y-X, 1/2+Z 
 ( 9)    -Y,    -X,     Z 
 (10)   X-Y,    -Y, 1/2+Z 
 (11)     X,   X-Y,     Z 
 (12)     Y,     X, 1/2+Z 

 Atoms:
   name    type  refine?   x         y         z      frac site sym  mult I/A   Uiso     U11     U22     U33     U12     U13     U23
---------------------------------------------------------------------------------------------------------------------------------------
     Zn     Zn          0.33333   0.66667   0.00000   1.0003m(100)    2    I 0.01000                                                
      O      O          0.33333   0.66667   0.34500   1.0003m(100)    2    I 0.01000                                                

 Unit cell: a = 3.24950 b = 3.24950 c = 5.20690 alpha = 90.000 beta = 90.000 gamma = 120.000 volume = 47.615 Refine? False

 Phase: zno in histogram: PWDR hist_simulation_zno
=======================================================================================================================================
 Phase fraction  :          1 Refine? False
 Extinction coeff:     0.0000 Refine? False
 March-Dollase PO:     1.0000 Refine? False Axis: 0 0 1

 Size model    : isotropic equatorial:       1.000 Refine? False
	 LG mixing coeff.:       1.0000 Refine? False

 Mustrain model: isotropic equatorial:      1000.0 Refine? False
	 LG mixing coeff.:      1.0000 Refine? False

 Hydrostatic/elastic strain:
 names :         D11         D33
 values:           0           0
 refine:       False       False

 Histogram: PWDR hist_simulation_zno histogram Id: 0
=======================================================================================================================================
 Instrument type: Bragg-Brentano
 Histogram limits:     0.00 deg to   100.00 deg

 Sample Parameters:
 Goniometer omega = 0.00, chi = 0.00, phi = 0.00
 name  :         Scale         Shift  Transparency    SurfRoughA    SurfRoughB
 value :        1.0000        0.0000        0.0000        0.0000        0.0000
 refine:          True         False         False         False         False

 Instrument Parameters:
 name  :     Azimuth I(L2)/I(L1)        Lam1        Lam2    Polariz.        SH/L
 value :    0.000000    0.500000    1.540510    1.544330    0.700000    0.002000
 refine:                   False                               False       False

 name  :           U           V           W           X           Y           Z        Zero
 value :    2.000000   -2.000000    5.000000    0.000000    0.000000    0.000000    0.000000
 refine:       False       False       False       False       False       False       False

 Background function: chebyschev-1 Refine? False
 Coefficients:      1.000     0.000     0.000
 Fixed background file: ; mult: 1.000  Refine? False

 Refinement results:
---------------------------------------------------------------------------------------------------------------------------------------
 Number of function calls: 0 No. of observations: 2001 No. of parameters: 1 User rejected: 0 Sp. gp. extinct: 0
 Refinement time =    0.015s,    0.015s/cycle, for 1 cycles
 wR =  160.50%, chi**2 =      9482.32, GOF =   2.18
